<html>
<body>
<pre>
<h1>µVision Build Log</h1>
<h2>Tool Versions:</h2>
IDE-Version: ¦ÌVision V5.18.0.0
Copyright (C) 2016 ARM Ltd and ARM Germany GmbH. All rights reserved.
License Information: xu 42128, shanghai, LIC=PE7BS-LLUGE-KNUAC-7CAPR-UQX6H-XT08E
 
Tool Versions:
Toolchain:       MDK-ARM Standard  Version: 5.18
Toolchain Path:  D:\caj\ARM\ARMCC\Bin
C Compiler:      Armcc.exe V5.06 update 1 (build 61)
Assembler:       Armasm.exe V5.06 update 1 (build 61)
Linker/Locator:  ArmLink.exe V5.06 update 1 (build 61)
Library Manager: ArmAr.exe V5.06 update 1 (build 61)
Hex Converter:   FromElf.exe V5.06 update 1 (build 61)
CPU DLL:         SARMCM3.DLL V5.18
Dialog DLL:      DCM.DLL V1.13.6.0
Target DLL:      Segger\JL2CM3.dll V2.99.18.0
Dialog DLL:      TCM.DLL V1.14.8.0
 
<h2>Project:</h2>
C:\Users\42128\Desktop\PC104-³ÌÐò\USER\RS485.uvprojx
Project File Date:  11/25/2018

<h2>Output:</h2>
*** Using Compiler 'V5.06 update 1 (build 61)', folder: 'D:\caj\ARM\ARMCC\Bin'
Build target 'RS485'
compiling localbus.c...
..\HARDWARE\LOCALBUS\localbus.c(99): warning:  #188-D: enumerated type mixed with another type
  		GPIO_WriteBit(Localbus_WR_GPIO_type[pis], Localbus_WR_GPIO_pins[pis], bit);
..\HARDWARE\LOCALBUS\localbus.c(110): warning:  #188-D: enumerated type mixed with another type
  		GPIO_WriteBit(Localbus_ADDR_GPIO_type[pis], Localbus_ADDR_GPIO_pins[pis], bit);
..\HARDWARE\LOCALBUS\localbus.c: 2 warnings, 0 errors
linking...
Program Size: Code=10220 RO-data=424 RW-data=304 ZI-data=1896  
FromELF: creating hex file...
"..\OBJ\RS485.axf" - 0 Error(s), 2 Warning(s).

<h2>Collection of Component include folders:</h2>
  C:\Users\42128\Desktop\PC104-³ÌÐò\USER\RTE
  D:\caj\ARM\PACK\Keil\STM32F4xx_DFP\2.7.0\Drivers\CMSIS\Device\ST\STM32F4xx\Include

<h2>Collection of Component Files used:</h2>
Build Time Elapsed:  00:00:01
</pre>
</body>
</html>
